resources/js/actions/App/Http/Controllers/FfSubmissionController.ts(546,7): error TS2451: Cannot redeclare block-scoped variable 'destroyForm'.
resources/js/actions/App/Http/Controllers/FfSubmissionController.ts(561,1): error TS2451: Cannot redeclare block-scoped variable 'destroyForm'.
resources/js/actions/App/Http/Controllers/FfSubmissionController.ts(736,14): error TS2451: Cannot redeclare block-scoped variable 'destroyForm'.
resources/js/actions/App/Http/Controllers/FfSubmissionController.ts(781,1): error TS2322: Type '(args: { website: number | { id: number; }; form_id: string | number; } | [website: number | { id: number; }, form_id: string | number], options?: RouteQueryOptions) => RouteDefinition<"delete">' is not assignable to type '(args: { entry: number | { id: number; }; } | [entry: number | { id: number; }] | number | { id: number; }, options?: RouteQueryOptions) => RouteFormDefinition<"post">'.
  Types of parameters 'args' and 'args' are incompatible.
    Type 'number | { entry: number | { id: number; }; } | [entry: number | { id: number; }] | { id: number; }' is not assignable to type '{ website: number | { id: number; }; form_id: string | number; } | [website: number | { id: number; }, form_id: string | number]'.
      Type 'number' is not assignable to type '{ website: number | { id: number; }; form_id: string | number; } | [website: number | { id: number; }, form_id: string | number]'.
resources/js/components/charts/RevenueChart.vue(82,23): error TS2769: No overload matches this call.
  Overload 1 of 3, '(value: number | bigint | StringNumericLiteral): string', gave the following error.
    Argument of type 'number | null' is not assignable to parameter of type 'number | bigint | StringNumericLiteral'.
      Type 'null' is not assignable to type 'number | bigint | StringNumericLiteral'.
  Overload 2 of 3, '(value: number | bigint): string', gave the following error.
    Argument of type 'number | null' is not assignable to parameter of type 'number | bigint'.
      Type 'null' is not assignable to type 'number | bigint'.
  Overload 3 of 3, '(value: number): string', gave the following error.
    Argument of type 'number | null' is not assignable to parameter of type 'number'.
      Type 'null' is not assignable to type 'number'.
resources/js/components/TwoFactorSetupModal.vue(265,47): error TS2339: Property 'code' does not exist on type 'string'.
resources/js/routes/submissions/index.ts(440,7): error TS2451: Cannot redeclare block-scoped variable 'destroyForm'.
resources/js/routes/submissions/index.ts(455,1): error TS2451: Cannot redeclare block-scoped variable 'destroyForm'.
resources/js/routes/submissions/index.ts(630,14): error TS2451: Cannot redeclare block-scoped variable 'destroyForm'.
resources/js/routes/submissions/index.ts(675,1): error TS2322: Type '(args: { website: number | { id: number; }; form_id: string | number; } | [website: number | { id: number; }, form_id: string | number], options?: RouteQueryOptions) => RouteDefinition<"delete">' is not assignable to type '(args: { entry: number | { id: number; }; } | [entry: number | { id: number; }] | number | { id: number; }, options?: RouteQueryOptions) => RouteFormDefinition<"post">'.
  Types of parameters 'args' and 'args' are incompatible.
    Type 'number | { entry: number | { id: number; }; } | [entry: number | { id: number; }] | { id: number; }' is not assignable to type '{ website: number | { id: number; }; form_id: string | number; } | [website: number | { id: number; }, form_id: string | number]'.
      Type 'number' is not assignable to type '{ website: number | { id: number; }; form_id: string | number; } | [website: number | { id: number; }, form_id: string | number]'.
